<div class="vellum-steps" data-vellum-steps=""><div class="vellum-step" data-vellum-step="1"><div class="vellum-step-indicator" aria-hidden="true">1</div><div class="vellum-step-content"><h2 id="install"><a href="#install" class="vellum-heading-anchor" aria-hidden="true" tabindex="-1" title="Permalink">#</a>Install</h2>
<div class="vellum-code" data-vellum-code=""><div class="vellum-code-header"><span class="vellum-code-title">install.php</span></div><button type="button" class="vellum-code-copy" x-data="{ copied: false }" @click="navigator.clipboard.writeText($el.closest('[data-vellum-code]').querySelector('code').innerText); copied = true; setTimeout(() =&gt; copied = false, 1500)" :aria-label="copied ? 'Copied' : 'Copy code'"><span class="vellum-code-copy-icon" x-show="!copied" aria-hidden="true">Copy</span><span class="vellum-code-check-icon" x-show="copied" x-cloak="" aria-hidden="true">Copied</span></button><pre><code class="language-php"><span class="vellum-code-line"><span class="hl-keyword">echo</span> 1;</span>
<span class="vellum-code-line"></span></code></pre></div></div></div><div class="vellum-step" data-vellum-step="2"><div class="vellum-step-indicator" aria-hidden="true">2</div><div class="vellum-step-content"><h2 id="next"><a href="#next" class="vellum-heading-anchor" aria-hidden="true" tabindex="-1" title="Permalink">#</a>Next</h2>
<p>Done</p></div></div></div>