<div class="vellum-callout vellum-callout-note" data-vellum-callout="note"><span class="vellum-callout-icon vellum-callout-icon-note" aria-hidden="true"></span><div class="vellum-callout-body"><div class="vellum-callout-content"><p>A note body.</p></div></div></div>
<div class="vellum-callout vellum-callout-warning" data-vellum-callout="warning"><span class="vellum-callout-icon vellum-callout-icon-warning" aria-hidden="true"></span><div class="vellum-callout-body"><p class="vellum-callout-title">Careful</p><div class="vellum-callout-content"><p>Watch this.</p></div></div></div>