<div class="vellum-callout vellum-callout-note" data-vellum-callout="note"><span class="vellum-callout-rail" aria-hidden="true"></span><span class="vellum-callout-icon vellum-callout-icon-note" aria-hidden="true"><svg xmlns="http://www.w3.org/2000/svg" viewBox="0 0 256 256" fill="currentColor" stroke="none" stroke-width="0" stroke-linecap="round" stroke-linejoin="round" aria-hidden="true" class="vellum-callout-glyph"><path d="M176,232a8,8,0,0,1-8,8H88a8,8,0,0,1,0-16h80A8,8,0,0,1,176,232Zm40-128a87.55,87.55,0,0,1-33.64,69.21A16.24,16.24,0,0,0,176,186v6a16,16,0,0,1-16,16H96a16,16,0,0,1-16-16v-6a16,16,0,0,0-6.23-12.66A87.59,87.59,0,0,1,40,104.49C39.74,56.83,78.26,17.14,125.88,16A88,88,0,0,1,216,104Zm-32.11-9.34a57.6,57.6,0,0,0-46.56-46.55,8,8,0,0,0-2.66,15.78c16.57,2.79,30.63,16.85,33.44,33.45A8,8,0,0,0,176,104a9,9,0,0,0,1.35-.11A8,8,0,0,0,183.89,94.66Z" /></svg></span><div class="vellum-callout-body"><div class="vellum-callout-content"><p>A note body.</p></div></div></div>
<div class="vellum-callout vellum-callout-warning" data-vellum-callout="warning"><span class="vellum-callout-rail" aria-hidden="true"></span><span class="vellum-callout-icon vellum-callout-icon-warning" aria-hidden="true"><svg xmlns="http://www.w3.org/2000/svg" viewBox="0 0 256 256" fill="currentColor" stroke="none" stroke-width="0" stroke-linecap="round" stroke-linejoin="round" aria-hidden="true" class="vellum-callout-glyph"><path d="M236.8,188.09,149.35,36.22h0a24.76,24.76,0,0,0-42.7,0L19.2,188.09a23.51,23.51,0,0,0,0,23.72A24.35,24.35,0,0,0,40.55,224h174.9a24.35,24.35,0,0,0,21.33-12.19A23.51,23.51,0,0,0,236.8,188.09ZM120,104a8,8,0,0,1,16,0v40a8,8,0,0,1-16,0Zm8,88a12,12,0,1,1,12-12A12,12,0,0,1,128,192Z" /></svg></span><div class="vellum-callout-body"><p class="vellum-callout-title">Careful</p><div class="vellum-callout-content"><p>Watch this.</p></div></div></div>