<div class="vellum-cards" data-vellum-cards=""><a class="vellum-card" href="/docs/installation" data-vellum-card=""><span class="vellum-card-icon" data-icon="book" aria-hidden="true"></span><span class="vellum-card-title">Getting started</span></a><a class="vellum-card" href="/docs/api" data-vellum-card=""><span class="vellum-card-title">API</span></a></div>